#! /c/Source/iverilog-install/bin/vvp
:ivl_version "12.0 (devel)" "(s20150603-1539-g2693dd32b)";
:ivl_delay_selection "TYPICAL";
:vpi_time_precision - 12;
:vpi_module "C:\PROGRA~1\iverilog\lib\ivl\system.vpi";
:vpi_module "C:\PROGRA~1\iverilog\lib\ivl\vhdl_sys.vpi";
:vpi_module "C:\PROGRA~1\iverilog\lib\ivl\vhdl_textio.vpi";
:vpi_module "C:\PROGRA~1\iverilog\lib\ivl\v2005_math.vpi";
:vpi_module "C:\PROGRA~1\iverilog\lib\ivl\va_math.vpi";
:vpi_module "C:\PROGRA~1\iverilog\lib\ivl\v2009.vpi";
S_00000193b4372ae0 .scope package, "$unit" "$unit" 2 1;
 .timescale 0 0;
S_00000193b4372c70 .scope module, "uart_tx" "uart_tx" 3 3;
 .timescale -9 -12;
    .port_info 0 /INPUT 1 "clk";
    .port_info 1 /INPUT 1 "rst_n";
    .port_info 2 /INPUT 8 "data_i";
    .port_info 3 /INPUT 1 "valid_s";
    .port_info 4 /OUTPUT 1 "ready_s";
    .port_info 5 /OUTPUT 1 "tx_o";
    .port_info 6 /OUTPUT 1 "busy_o";
    .port_info 7 /OUTPUT 1 "done_pulse_o";
P_00000193b43733b0 .param/l "CLKS_PER_BIT" 0 3 4, +C4<00000000000000000000000000010000>;
P_00000193b43733e8 .param/l "CLK_W" 1 3 16, +C4<00000000000000000000000000000100>;
v00000193b4373120_0 .net *"_ivl_3", 0 0, L_00000193b43f4b10;  1 drivers
L_00000193b43f4f98 .functor BUFT 1, C4<1>, C4<0>, C4<0>, C4<0>;
v00000193b43a4e80_0 .net/2u *"_ivl_4", 0 0, L_00000193b43f4f98;  1 drivers
v00000193b435ab30_0 .var "bit_idx", 3 0;
v00000193b4372e00_0 .var "busy_o", 0 0;
o00000193b43ad098 .functor BUFZ 1, C4<z>; HiZ drive
v00000193b4372ea0_0 .net "clk", 0 0, o00000193b43ad098;  0 drivers
v00000193b435bda0_0 .var "clk_count", 3 0;
o00000193b43ad0f8 .functor BUFZ 8, C4<zzzzzzzz>; HiZ drive
v00000193b435be40_0 .net "data_i", 7 0, o00000193b43ad0f8;  0 drivers
v00000193b435bee0_0 .var "done_pulse_o", 0 0;
v00000193b43f3c60_0 .var "frame", 9 0;
v00000193b43f3d00_0 .net "ready_s", 0 0, L_00000193b43f4750;  1 drivers
o00000193b43ad1b8 .functor BUFZ 1, C4<z>; HiZ drive
v00000193b43f3da0_0 .net "rst_n", 0 0, o00000193b43ad1b8;  0 drivers
v00000193b43f3e40_0 .net "tx_o", 0 0, L_00000193b43f46b0;  1 drivers
o00000193b43ad218 .functor BUFZ 1, C4<z>; HiZ drive
v00000193b43f3ee0_0 .net "valid_s", 0 0, o00000193b43ad218;  0 drivers
E_00000193b43aa8a0 .event posedge, v00000193b4372ea0_0;
L_00000193b43f4750 .reduce/nor v00000193b4372e00_0;
L_00000193b43f4b10 .part/v v00000193b43f3c60_0, v00000193b435ab30_0, 1;
L_00000193b43f46b0 .functor MUXZ 1, L_00000193b43f4f98, L_00000193b43f4b10, v00000193b4372e00_0, C4<>;
    .scope S_00000193b4372c70;
T_0 ;
    %wait E_00000193b43aa8a0;
    %load/vec4 v00000193b43f3da0_0;
    %nor/r;
    %flag_set/vec4 8;
    %jmp/0xz  T_0.0, 8;
    %pushi/vec4 0, 0, 1;
    %assign/vec4 v00000193b4372e00_0, 0;
    %pushi/vec4 0, 0, 1;
    %assign/vec4 v00000193b435bee0_0, 0;
    %pushi/vec4 1023, 0, 10;
    %assign/vec4 v00000193b43f3c60_0, 0;
    %pushi/vec4 0, 0, 4;
    %assign/vec4 v00000193b435ab30_0, 0;
    %pushi/vec4 0, 0, 4;
    %assign/vec4 v00000193b435bda0_0, 0;
    %jmp T_0.1;
T_0.0 ;
    %pushi/vec4 0, 0, 1;
    %assign/vec4 v00000193b435bee0_0, 0;
    %load/vec4 v00000193b4372e00_0;
    %nor/r;
    %flag_set/vec4 8;
    %jmp/0xz  T_0.2, 8;
    %load/vec4 v00000193b43f3ee0_0;
    %flag_set/vec4 8;
    %jmp/0xz  T_0.4, 8;
    %pushi/vec4 1, 0, 1;
    %load/vec4 v00000193b435be40_0;
    %concat/vec4; draw_concat_vec4
    %concati/vec4 0, 0, 1;
    %assign/vec4 v00000193b43f3c60_0, 0;
    %pushi/vec4 1, 0, 1;
    %assign/vec4 v00000193b4372e00_0, 0;
    %pushi/vec4 0, 0, 4;
    %assign/vec4 v00000193b435ab30_0, 0;
    %pushi/vec4 0, 0, 4;
    %assign/vec4 v00000193b435bda0_0, 0;
T_0.4 ;
    %jmp T_0.3;
T_0.2 ;
    %load/vec4 v00000193b435bda0_0;
    %pad/u 32;
    %cmpi/e 15, 0, 32;
    %jmp/0xz  T_0.6, 4;
    %pushi/vec4 0, 0, 4;
    %assign/vec4 v00000193b435bda0_0, 0;
    %load/vec4 v00000193b435ab30_0;
    %cmpi/e 9, 0, 4;
    %jmp/0xz  T_0.8, 4;
    %pushi/vec4 0, 0, 1;
    %assign/vec4 v00000193b4372e00_0, 0;
    %pushi/vec4 1, 0, 1;
    %assign/vec4 v00000193b435bee0_0, 0;
    %jmp T_0.9;
T_0.8 ;
    %load/vec4 v00000193b435ab30_0;
    %addi 1, 0, 4;
    %assign/vec4 v00000193b435ab30_0, 0;
T_0.9 ;
    %jmp T_0.7;
T_0.6 ;
    %load/vec4 v00000193b435bda0_0;
    %addi 1, 0, 4;
    %assign/vec4 v00000193b435bda0_0, 0;
T_0.7 ;
T_0.3 ;
T_0.1 ;
    %jmp T_0;
    .thread T_0;
# The file index is used to find the file name in the following table.
:file_names 4;
    "N/A";
    "<interactive>";
    "-";
    "uart_tx.sv";
